
> cabes-backend@1.0.0 start
> node server.js

(node:83206) [DEP0040] DeprecationWarning: The `punycode` module is deprecated. Please use a userland alternative instead.
(Use `node --trace-deprecation ...` to show where the warning was created)
CABES Server running on port 5000
MongoDB error: MongooseServerSelectionError: connect ECONNREFUSED 127.0.0.1:27017
    at _handleConnectionErrors (/home/chris-rayan/Documents/DOCUMENTS/PROJECTS/CABES/backend/node_modules/mongoose/lib/connection.js:816:11)
    at NativeConnection.openUri (/home/chris-rayan/Documents/DOCUMENTS/PROJECTS/CABES/backend/node_modules/mongoose/lib/connection.js:791:11) {
  reason: TopologyDescription {
    type: 'Unknown',
    servers: Map(1) { 'localhost:27017' => [ServerDescription] },
    stale: false,
    compatible: true,
    heartbeatFrequencyMS: 10000,
    localThresholdMS: 15,
    setName: null,
    maxElectionId: null,
    maxSetVersion: null,
    commonWireVersion: 0,
    logicalSessionTimeoutMinutes: null
  },
  code: undefined
}
